Renesas Optimizing Linker (W2.04.00 )             28-Aug-2017 12:52:32

*** Options ***

-subcommand=LinkerSubCommand.tmp
-input="./src/cg_src/r_cg_cgc.obj"
-input="./src/cg_src/r_cg_cgc_user.obj"
-input="./src/cg_src/r_cg_cmt.obj"
-input="./src/cg_src/r_cg_cmt_user.obj"
-input="./src/cg_src/r_cg_dbsct.obj"
-input="./src/cg_src/r_cg_hardware_setup.obj"
-input="./src/cg_src/r_cg_intprg.obj"
-input="./src/cg_src/r_cg_main.obj"
-input="./src/cg_src/r_cg_port.obj"
-input="./src/cg_src/r_cg_port_user.obj"
-input="./src/cg_src/r_cg_resetprg.obj"
-input="./src/cg_src/r_cg_sbrk.obj"
-input="./src/cg_src/r_cg_sci.obj"
-input="./src/cg_src/r_cg_sci_user.obj"
-input="./src/cg_src/r_cg_vecttbl.obj"
-input="./src/delay/delay.obj"
-input="./src/oled/oled.obj"
-start=SU,SI,B_1,R_1,B_2,R_2,B,R/04,PResetPRG,C_1,C_2,C,C$*,D*,W*,L,PIntPRG,P/0FFFE0000,EXCEPTVECT/0FFFFFF80,RESETVECT/0FFFFFFFC
-library=D:\DOCUME~1\TEXASI~1\WORKSP~1\RX_PRO~1\HARDWA~2\RX_PROJECT_Y_2_0.lib
-noprelink
-list=RX_PROJECT_Y_2_0.map
-show
-nooptimize
-debug
-output=D:\Documents\Texas Instruments\workspace_v7\RX_PROJECT_Y_2_0\HardwareDebug\RX_PROJECT_Y_2_0.abs
-rom=D=R,D_1=R_1,D_2=R_2
-nocompress
-nomessage
-nologo

*** Error information ***

*** Mapping List ***

SECTION                            START      END         SIZE   ALIGN

SU
                                  00000004  00000103       100   4
SI
                                  00000104  00000403       300   4
B_1
                                  00000404  0000041a        17   1
R_1
                                  0000041b  00000f2b       b11   1
B_2
                                  00000f2c  00001331       406   2
R_2
                                  00001332  00001332         0   1
B
                                  00001334  0000133b         8   4
R
                                  0000133c  0000134b        10   4
PResetPRG
                                  fffe0000  fffe003d        3e   1
C_1
                                  fffe003e  fffe0855       818   1
C_2
                                  fffe0856  fffe0856         0   1
C
                                  fffe0858  fffe088b        34   4
C$DSEC
                                  fffe088c  fffe08af        24   4
C$BSEC
                                  fffe08b0  fffe08c7        18   4
C$INIT
                                  fffe08c8  fffe08c8         0   1
C$VECT
                                  fffe08c8  fffe0cc7       400   4
C$VTBL
                                  fffe0cc8  fffe0cc8         0   1
D
                                  fffe0cc8  fffe0cd7        10   4
D_1
                                  fffe0cd8  fffe17e8       b11   1
D_2
                                  fffe17e9  fffe17e9         0   1
W
                                  fffe17e9  fffe17e9         0   1
W_1
                                  fffe17e9  fffe17e9         0   1
W_2
                                  fffe17e9  fffe17e9         0   1
L
                                  fffe17ec  fffe1802        17   4
PIntPRG
                                  fffe1803  fffe1810         e   1
P
                                  fffe1811  fffe240c       bfc   1
EXCEPTVECT
                                  ffffff80  fffffffb        7c   4
RESETVECT
                                  fffffffc  ffffffff         4   4

*** Symbol List ***

SECTION=
FILE=                               START        END    SIZE
  SYMBOL                            ADDR        SIZE    INFO      COUNTS  OPT

SECTION=SU
FILE=.\src\cg_src\r_cg_resetprg.obj
                                  00000004  00000103       100

SECTION=SI
FILE=.\src\cg_src\r_cg_resetprg.obj
                                  00000104  00000403       300

SECTION=B_1
FILE=.\src\cg_src\r_cg_main.obj
                                  00000404  0000041a        17
  _SCI1_get_char
                                  00000404         1   data ,g         2
  _SCI1_Receive_Data
                                  00000405         c   data ,g         2
  _SCI_Send_Num
                                  00000411         a   data ,g         0

SECTION=R_1
FILE=.\src\cg_src\r_cg_main.obj
                                  0000041b  00000c2b       811
  _BMP1
                                  0000041b       400   data ,g         0
  _BMP2
                                  0000081b       400   data ,g         0
  _buff
                                  00000c1b         c   data ,g         1
  _Distance
                                  00000c27         1   data ,g         2
  _Coo_x
                                  00000c28         1   data ,g         2
  _Coo_y
                                  00000c29         1   data ,g         2
  _time_stamp
                                  00000c2a         1   data ,g         1
  _i$1
                                  00000c2b         1   data ,l         1
FILE=.\src\oled\oled.obj
                                  00000c2c  00000f2b       300
  _Hzk
                                  00000c2c       300   data ,g         1

SECTION=B_2
FILE=.\src\cg_src\r_cg_sbrk.obj
                                  00000f2c  0000132b       400
  _heap_area
                                  00000f2c       400   data ,l         2
FILE=.\src\cg_src\r_cg_sci.obj
                                  0000132c  00001331         6
  _g_sci1_tx_count
                                  0000132c         2   data ,g         2
  _g_sci1_rx_count
                                  0000132e         2   data ,g         2
  _g_sci1_rx_length
                                  00001330         2   data ,g         2

SECTION=B
FILE=.\src\cg_src\r_cg_sci.obj
                                  00001334  0000133b         8
  _gp_sci1_tx_address
                                  00001334         4   data ,g         2
  _gp_sci1_rx_address
                                  00001338         4   data ,g         2

SECTION=R
FILE=.\src\cg_src\r_cg_main.obj
                                  0000133c  00001347         c
  _flag_display
                                  0000133c         4   data ,g         1
  _sci1_trans
                                  00001340         4   data ,g         1
  _start_receive
                                  00001344         4   data ,g         1
FILE=.\src\cg_src\r_cg_sbrk.obj
                                  00001348  0000134b         4
  _brk
                                  00001348         4   data ,l         1

SECTION=PResetPRG
FILE=.\src\cg_src\r_cg_resetprg.obj
                                  fffe0000  fffe003d        3e
  _PowerON_Reset_PC
                                  fffe0000        3e   entry,g         1

SECTION=C_1
FILE=.\src\oled\oled.obj
                                  fffe003e  fffe0855       818
  _F6x8
                                  fffe003e       228   data ,g         1
  _F8X16
                                  fffe0266       5f0   data ,g         1

SECTION=C
FILE=.\src\cg_src\r_cg_dbsct.obj
                                  fffe0858  fffe088b        34
  __CTBL
                                  fffe0858        34   data ,g         0

SECTION=C$DSEC
FILE=.\src\cg_src\r_cg_dbsct.obj
                                  fffe088c  fffe08af        24
  __DTBL
                                  fffe088c        24   data ,g         0

SECTION=C$BSEC
FILE=.\src\cg_src\r_cg_dbsct.obj
                                  fffe08b0  fffe08c7        18
  __BTBL
                                  fffe08b0        18   data ,g         0

SECTION=C$VECT
FILE=.\src\cg_src\r_cg_dbsct.obj
                                  fffe08c8  fffe0cc7       400

SECTION=D
FILE=.\src\cg_src\r_cg_main.obj
                                  fffe0cc8  fffe0cd3         c
FILE=.\src\cg_src\r_cg_sbrk.obj
                                  fffe0cd4  fffe0cd7         4

SECTION=D_1
FILE=.\src\cg_src\r_cg_main.obj
                                  fffe0cd8  fffe14e8       811
FILE=.\src\oled\oled.obj
                                  fffe14e9  fffe17e8       300

SECTION=L
FILE=.\src\cg_src\r_cg_main.obj
                                  fffe17ec  fffe1802        17

SECTION=PIntPRG
FILE=.\src\cg_src\r_cg_intprg.obj
                                  fffe1803  fffe1810         e
  _r_undefined_exception
                                  fffe1803         2   func ,g         1
  _r_privileged_exception
                                  fffe1805         2   func ,g         1
  _r_floatingpoint_exception
                                  fffe1807         2   func ,g         1
  _r_access_exception
                                  fffe1809         2   func ,g         1
  _r_reserved_exception
                                  fffe180b         2   func ,g        13
  _r_nmi_exception
                                  fffe180d         2   func ,g         1
  _r_brk_exception
                                  fffe180f         2   func ,g         0

SECTION=P
FILE=.\src\cg_src\r_cg_cgc.obj
                                  fffe1811  fffe185c        4c
  _R_CGC_Create
                                  fffe1811        4c   func ,g         1
FILE=.\src\cg_src\r_cg_cmt.obj
                                  fffe185d  fffe18b3        57
  _R_CMT0_Create
                                  fffe185d        2e   func ,g         1
  _R_CMT0_Start
                                  fffe188b        13   func ,g         1
  _R_CMT0_Stop
                                  fffe189e        16   func ,g         0
FILE=.\src\cg_src\r_cg_cmt_user.obj
                                  fffe18b4  fffe18c1         e
  _r_cmt_cmi0_interrupt
                                  fffe18b4         e   func ,l         0
FILE=.\src\cg_src\r_cg_hardware_setup.obj
                                  fffe18c2  fffe18f2        31
  _R_Systeminit
                                  fffe18c2        2f   func ,g         1
  _HardwareSetup
                                  fffe18f1         2   func ,g         1
FILE=.\src\cg_src\r_cg_main.obj
                                  fffe18f3  fffe1cb4       3c2
  _Data_Caculate
                                  fffe18f3        53   func ,g         1
  _SCI1_TransIntHandler
                                  fffe1946         a   func ,g         1
  _SCI1_IntHandler
                                  fffe1950        5e   func ,g         1
  _CMT0_IntHandler
                                  fffe19ae        56   func ,g         1
  _main
                                  fffe1a04        10   func ,g         1
  _R_MAIN_UserInit
                                  fffe1a14        14   func ,l         1
  _KeyScan
                                  fffe1a28       187   func ,g         1
  _OLED_Display
                                  fffe1baf        bd   func ,g         1
  _Flag_Display
                                  fffe1c6c        49   func ,g         0
FILE=.\src\cg_src\r_cg_port.obj
                                  fffe1cb5  fffe1cfc        48
  _R_PORT_Create
                                  fffe1cb5        48   func ,g         1
FILE=.\src\cg_src\r_cg_sbrk.obj
                                  fffe1cfd  fffe1d1d        21
  _sbrk
                                  fffe1cfd        21   func ,g         0
FILE=.\src\cg_src\r_cg_sci.obj
                                  fffe1d1e  fffe1e0d        f0
  _R_SCI1_Create
                                  fffe1d1e        50   func ,g         1
  _R_SCI1_Start
                                  fffe1d6e        1b   func ,g         1
  _R_SCI1_Stop
                                  fffe1d89        2f   func ,g         0
  _R_SCI1_Serial_Receive
                                  fffe1db8        2c   func ,g         2
  _R_SCI1_Serial_Send
                                  fffe1de4        2a   func ,g         9
FILE=.\src\cg_src\r_cg_sci_user.obj
                                  fffe1e0e  fffe1ec9        bc
  _r_sci1_transmit_interrupt
                                  fffe1e0e        35   func ,l         0
  _r_sci1_transmitend_interrupt
                                  fffe1e43        1f   func ,l         0
  _r_sci1_receive_interrupt
                                  fffe1e62        42   func ,l         0
  _r_sci1_receiveerror_interrupt
                                  fffe1ea4        1d   func ,l         0
  _r_sci1_callback_transmitend
                                  fffe1ec1         4   func ,l         1
  _r_sci1_callback_receiveend
                                  fffe1ec5         4   func ,l         1
  _r_sci1_callback_receiveerror
                                  fffe1ec9         1   func ,l         1
FILE=.\src\delay\delay.obj
                                  fffe1eca  fffe1f04        3b
  _delay_ms
                                  fffe1eca        25   func ,g         9
  _delay_us
                                  fffe1eef        16   func ,g         0
FILE=.\src\oled\oled.obj
                                  fffe1f05  fffe23c2       4be
  _IIC_Start
                                  fffe1f05         e   func ,g         2
  _IIC_Stop
                                  fffe1f13         c   func ,g         2
  _IIC_Wait_Ack
                                  fffe1f1f         a   func ,g         6
  _Write_IIC_Byte
                                  fffe1f29        26   func ,g         6
  _Write_IIC_Command
                                  fffe1f4f        24   func ,g         1
  _Write_IIC_Data
                                  fffe1f73        26   func ,g         1
  _OLED_WR_Byte
                                  fffe1f99         b   func ,g        36
  _fill_picture
                                  fffe1fa4        41   func ,g         0
  _Delay_50ms
                                  fffe1fe5        13   func ,g         0
  _Delay_1ms
                                  fffe1ff8        18   func ,g         0
  _OLED_Set_Pos
                                  fffe2010        26   func ,g         6
  _OLED_Display_On
                                  fffe2036        1e   func ,g         0
  _OLED_Display_Off
                                  fffe2054        1e   func ,g         0
  _OLED_Clear
                                  fffe2072        41   func ,g         1
  _OLED_On
                                  fffe20b3        3f   func ,g         0
  _OLED_ShowChar
                                  fffe20f2        95   func ,g         2
  _oled_pow
                                  fffe2187        14   func ,g         1
  _OLED_ShowNum
                                  fffe219b        79   func ,g         3
  _OLED_ShowString
                                  fffe2214        36   func ,g         6
  _OLED_ShowCHinese
                                  fffe224a        55   func ,g         d
  _OLED_DrawBMP
                                  fffe229f        49   func ,g         0
  _OLED_Init
                                  fffe22e8        db   func ,g         1
FILE=__initsct
                                  fffe23c3  fffe240c        4a
  __INITSCT
                                  fffe23c3         0   none ,g         1
  loop1
                                  fffe23d5         0   none ,l         1
  next_loop1
                                  fffe23e3         0   none ,l         2
  loop3
                                  fffe23f5         0   none ,l         1
  next_loop3
                                  fffe2406         0   none ,l         2

SECTION=EXCEPTVECT
FILE=.\src\cg_src\r_cg_vecttbl.obj
                                  ffffff80  fffffffb        7c
  _Excpt_Vectors
                                  ffffff80        7c   data ,g         0

SECTION=RESETVECT
FILE=.\src\cg_src\r_cg_vecttbl.obj
                                  fffffffc  ffffffff         4
  _Reset_Vectors
                                  fffffffc         4   data ,g         0

*** Unfilled Areas ***

AREA                                START    END

*** Delete Symbols ***

SYMBOL                                SIZE    INFO
