Renesas Optimizing Linker (W2.04.00 )             13-Aug-2017 10:35:24

*** Options ***

-subcommand=LinkerSubCommand.tmp
-input="./src/cg_src/r_cg_cgc.obj"
-input="./src/cg_src/r_cg_cgc_user.obj"
-input="./src/cg_src/r_cg_dbsct.obj"
-input="./src/cg_src/r_cg_hardware_setup.obj"
-input="./src/cg_src/r_cg_intprg.obj"
-input="./src/cg_src/r_cg_main.obj"
-input="./src/cg_src/r_cg_port.obj"
-input="./src/cg_src/r_cg_port_user.obj"
-input="./src/cg_src/r_cg_resetprg.obj"
-input="./src/cg_src/r_cg_sbrk.obj"
-input="./src/cg_src/r_cg_sci.obj"
-input="./src/cg_src/r_cg_sci_user.obj"
-input="./src/cg_src/r_cg_vecttbl.obj"
-input="./src/delay/delay.obj"
-input="./src/oled/oled.obj"
-start=SU,SI,B_1,R_1,B_2,R_2,B,R/04,PResetPRG,C_1,C_2,C,C$*,D*,W*,L,PIntPRG,P/0FFFE0000,EXCEPTVECT/0FFFFFF80,RESETVECT/0FFFFFFFC
-library=D:\DOCUME~1\TEXASI~1\WORKSP~1\RX_PRO~1\HARDWA~2\RX_PROJECT_Y_2_0.lib
-noprelink
-list=RX_PROJECT_Y_2_0.map
-show
-nooptimize
-debug
-output=D:\Documents\Texas Instruments\workspace_v7\RX_PROJECT_Y_2_0\HardwareDebug\RX_PROJECT_Y_2_0.abs
-rom=D=R,D_1=R_1,D_2=R_2
-nocompress
-nomessage
-nologo

*** Error information ***

*** Mapping List ***

SECTION                            START      END         SIZE   ALIGN

SU
                                  00000004  00000103       100   4
SI
                                  00000104  00000403       300   4
B_1
                                  00000404  0000041a        17   1
R_1
                                  0000041b  00000f2c       b12   1
B_2
                                  00000f2e  00001333       406   2
R_2
                                  00001334  00001334         0   1
B
                                  00001334  0000133b         8   4
R
                                  0000133c  00001347         c   4
PResetPRG
                                  fffe0000  fffe003d        3e   1
C_1
                                  fffe003e  fffe0855       818   1
C_2
                                  fffe0856  fffe0856         0   1
C
                                  fffe0858  fffe088b        34   4
C$DSEC
                                  fffe088c  fffe08af        24   4
C$BSEC
                                  fffe08b0  fffe08c7        18   4
C$INIT
                                  fffe08c8  fffe08c8         0   1
C$VECT
                                  fffe08c8  fffe0cc7       400   4
C$VTBL
                                  fffe0cc8  fffe0cc8         0   1
D
                                  fffe0cc8  fffe0cd3         c   4
D_1
                                  fffe0cd4  fffe17e5       b12   1
D_2
                                  fffe17e6  fffe17e6         0   1
W
                                  fffe17e6  fffe17e6         0   1
W_1
                                  fffe17e6  fffe17e6         0   1
W_2
                                  fffe17e6  fffe17e6         0   1
L
                                  fffe17e8  fffe17fb        14   4
PIntPRG
                                  fffe17fc  fffe1809         e   1
P
                                  fffe180a  fffe2362       b59   1
EXCEPTVECT
                                  ffffff80  fffffffb        7c   4
RESETVECT
                                  fffffffc  ffffffff         4   4

*** Symbol List ***

SECTION=
FILE=                               START        END    SIZE
  SYMBOL                            ADDR        SIZE    INFO      COUNTS  OPT

SECTION=SU
FILE=.\src\cg_src\r_cg_resetprg.obj
                                  00000004  00000103       100

SECTION=SI
FILE=.\src\cg_src\r_cg_resetprg.obj
                                  00000104  00000403       300

SECTION=B_1
FILE=.\src\cg_src\r_cg_main.obj
                                  00000404  0000041a        17
  _SCI1_get_char
                                  00000404         1   data ,g         2
  _SCI1_Receive_Data
                                  00000405         c   data ,g         2
  _SCI_Send_Num
                                  00000411         a   data ,g         0

SECTION=R_1
FILE=.\src\cg_src\r_cg_main.obj
                                  0000041b  00000c2c       812
  _BMP1
                                  0000041b       400   data ,g         0
  _BMP2
                                  0000081b       400   data ,g         0
  _buff
                                  00000c1b         c   data ,g         1
  _Distance
                                  00000c27         1   data ,g         2
  _Coo_x
                                  00000c28         1   data ,g         2
  _Coo_y
                                  00000c29         1   data ,g         2
  _flag_display
                                  00000c2a         1   data ,g         1
  _i
                                  00000c2b         1   data ,g         0
  _i$1
                                  00000c2c         1   data ,l         1
FILE=.\src\oled\oled.obj
                                  00000c2d  00000f2c       300
  _Hzk
                                  00000c2d       300   data ,g         1

SECTION=B_2
FILE=.\src\cg_src\r_cg_sbrk.obj
                                  00000f2e  0000132d       400
  _heap_area
                                  00000f2e       400   data ,l         2
FILE=.\src\cg_src\r_cg_sci.obj
                                  0000132e  00001333         6
  _g_sci1_tx_count
                                  0000132e         2   data ,g         2
  _g_sci1_rx_count
                                  00001330         2   data ,g         2
  _g_sci1_rx_length
                                  00001332         2   data ,g         2

SECTION=B
FILE=.\src\cg_src\r_cg_sci.obj
                                  00001334  0000133b         8
  _gp_sci1_tx_address
                                  00001334         4   data ,g         2
  _gp_sci1_rx_address
                                  00001338         4   data ,g         2

SECTION=R
FILE=.\src\cg_src\r_cg_main.obj
                                  0000133c  00001343         8
  _sci1_trans
                                  0000133c         4   data ,g         1
  _start_receive
                                  00001340         4   data ,g         1
FILE=.\src\cg_src\r_cg_sbrk.obj
                                  00001344  00001347         4
  _brk
                                  00001344         4   data ,l         1

SECTION=PResetPRG
FILE=.\src\cg_src\r_cg_resetprg.obj
                                  fffe0000  fffe003d        3e
  _PowerON_Reset_PC
                                  fffe0000        3e   entry,g         1

SECTION=C_1
FILE=.\src\oled\oled.obj
                                  fffe003e  fffe0855       818
  _F6x8
                                  fffe003e       228   data ,g         1
  _F8X16
                                  fffe0266       5f0   data ,g         1

SECTION=C
FILE=.\src\cg_src\r_cg_dbsct.obj
                                  fffe0858  fffe088b        34
  __CTBL
                                  fffe0858        34   data ,g         0

SECTION=C$DSEC
FILE=.\src\cg_src\r_cg_dbsct.obj
                                  fffe088c  fffe08af        24
  __DTBL
                                  fffe088c        24   data ,g         0

SECTION=C$BSEC
FILE=.\src\cg_src\r_cg_dbsct.obj
                                  fffe08b0  fffe08c7        18
  __BTBL
                                  fffe08b0        18   data ,g         0

SECTION=C$VECT
FILE=.\src\cg_src\r_cg_dbsct.obj
                                  fffe08c8  fffe0cc7       400

SECTION=D
FILE=.\src\cg_src\r_cg_main.obj
                                  fffe0cc8  fffe0ccf         8
FILE=.\src\cg_src\r_cg_sbrk.obj
                                  fffe0cd0  fffe0cd3         4

SECTION=D_1
FILE=.\src\cg_src\r_cg_main.obj
                                  fffe0cd4  fffe14e5       812
FILE=.\src\oled\oled.obj
                                  fffe14e6  fffe17e5       300

SECTION=L
FILE=.\src\cg_src\r_cg_main.obj
                                  fffe17e8  fffe17fb        14

SECTION=PIntPRG
FILE=.\src\cg_src\r_cg_intprg.obj
                                  fffe17fc  fffe1809         e
  _r_undefined_exception
                                  fffe17fc         2   func ,g         1
  _r_privileged_exception
                                  fffe17fe         2   func ,g         1
  _r_floatingpoint_exception
                                  fffe1800         2   func ,g         1
  _r_access_exception
                                  fffe1802         2   func ,g         1
  _r_reserved_exception
                                  fffe1804         2   func ,g        13
  _r_nmi_exception
                                  fffe1806         2   func ,g         1
  _r_brk_exception
                                  fffe1808         2   func ,g         0

SECTION=P
FILE=.\src\cg_src\r_cg_cgc.obj
                                  fffe180a  fffe1855        4c
  _R_CGC_Create
                                  fffe180a        4c   func ,g         1
FILE=.\src\cg_src\r_cg_hardware_setup.obj
                                  fffe1856  fffe1882        2d
  _R_Systeminit
                                  fffe1856        2b   func ,g         1
  _HardwareSetup
                                  fffe1881         2   func ,g         1
FILE=.\src\cg_src\r_cg_main.obj
                                  fffe1883  fffe1bf7       375
  _SCI1_TransIntHandler
                                  fffe1883         a   func ,g         1
  _SCI1_IntHandler
                                  fffe188d        48   func ,g         1
  _Data_Caculate
                                  fffe18d5        53   func ,g         1
  _main
                                  fffe1928        19   func ,g         1
  _R_MAIN_UserInit
                                  fffe1941        10   func ,l         1
  _clear_str
                                  fffe1951        12   func ,g         0
  _LED1_Twinkle
                                  fffe1963        15   func ,g         0
  _LED2_Twinkle
                                  fffe1978        15   func ,g         b
  _KeyScan
                                  fffe198d       188   func ,g         1
  _OLED_Display
                                  fffe1b15        bd   func ,g         1
  _Flag_Display
                                  fffe1bd2        26   func ,g         1
FILE=.\src\cg_src\r_cg_port.obj
                                  fffe1bf8  fffe1c52        5b
  _R_PORT_Create
                                  fffe1bf8        5b   func ,g         1
FILE=.\src\cg_src\r_cg_sbrk.obj
                                  fffe1c53  fffe1c73        21
  _sbrk
                                  fffe1c53        21   func ,g         0
FILE=.\src\cg_src\r_cg_sci.obj
                                  fffe1c74  fffe1d63        f0
  _R_SCI1_Create
                                  fffe1c74        50   func ,g         1
  _R_SCI1_Start
                                  fffe1cc4        1b   func ,g         1
  _R_SCI1_Stop
                                  fffe1cdf        2f   func ,g         0
  _R_SCI1_Serial_Receive
                                  fffe1d0e        2c   func ,g         2
  _R_SCI1_Serial_Send
                                  fffe1d3a        2a   func ,g         b
FILE=.\src\cg_src\r_cg_sci_user.obj
                                  fffe1d64  fffe1e1f        bc
  _r_sci1_transmit_interrupt
                                  fffe1d64        35   func ,l         0
  _r_sci1_transmitend_interrupt
                                  fffe1d99        1f   func ,l         0
  _r_sci1_receive_interrupt
                                  fffe1db8        42   func ,l         0
  _r_sci1_receiveerror_interrupt
                                  fffe1dfa        1d   func ,l         0
  _r_sci1_callback_transmitend
                                  fffe1e17         4   func ,l         1
  _r_sci1_callback_receiveend
                                  fffe1e1b         4   func ,l         1
  _r_sci1_callback_receiveerror
                                  fffe1e1f         1   func ,l         1
FILE=.\src\delay\delay.obj
                                  fffe1e20  fffe1e5a        3b
  _delay_ms
                                  fffe1e20        25   func ,g         d
  _delay_us
                                  fffe1e45        16   func ,g         0
FILE=.\src\oled\oled.obj
                                  fffe1e5b  fffe2318       4be
  _IIC_Start
                                  fffe1e5b         e   func ,g         2
  _IIC_Stop
                                  fffe1e69         c   func ,g         2
  _IIC_Wait_Ack
                                  fffe1e75         a   func ,g         6
  _Write_IIC_Byte
                                  fffe1e7f        26   func ,g         6
  _Write_IIC_Command
                                  fffe1ea5        24   func ,g         1
  _Write_IIC_Data
                                  fffe1ec9        26   func ,g         1
  _OLED_WR_Byte
                                  fffe1eef         b   func ,g        36
  _fill_picture
                                  fffe1efa        41   func ,g         0
  _Delay_50ms
                                  fffe1f3b        13   func ,g         0
  _Delay_1ms
                                  fffe1f4e        18   func ,g         0
  _OLED_Set_Pos
                                  fffe1f66        26   func ,g         6
  _OLED_Display_On
                                  fffe1f8c        1e   func ,g         0
  _OLED_Display_Off
                                  fffe1faa        1e   func ,g         0
  _OLED_Clear
                                  fffe1fc8        41   func ,g         1
  _OLED_On
                                  fffe2009        3f   func ,g         0
  _OLED_ShowChar
                                  fffe2048        95   func ,g         2
  _oled_pow
                                  fffe20dd        14   func ,g         1
  _OLED_ShowNum
                                  fffe20f1        79   func ,g         3
  _OLED_ShowString
                                  fffe216a        36   func ,g         3
  _OLED_ShowCHinese
                                  fffe21a0        55   func ,g         c
  _OLED_DrawBMP
                                  fffe21f5        49   func ,g         0
  _OLED_Init
                                  fffe223e        db   func ,g         1
FILE=__initsct
                                  fffe2319  fffe2362        4a
  __INITSCT
                                  fffe2319         0   none ,g         1
  loop1
                                  fffe232b         0   none ,l         1
  next_loop1
                                  fffe2339         0   none ,l         2
  loop3
                                  fffe234b         0   none ,l         1
  next_loop3
                                  fffe235c         0   none ,l         2

SECTION=EXCEPTVECT
FILE=.\src\cg_src\r_cg_vecttbl.obj
                                  ffffff80  fffffffb        7c
  _Excpt_Vectors
                                  ffffff80        7c   data ,g         0

SECTION=RESETVECT
FILE=.\src\cg_src\r_cg_vecttbl.obj
                                  fffffffc  ffffffff         4
  _Reset_Vectors
                                  fffffffc         4   data ,g         0

*** Unfilled Areas ***

AREA                                START    END

*** Delete Symbols ***

SYMBOL                                SIZE    INFO
